[17:29:59] ⚠ No se encontró ningún mod con packageId sarg.rimbees en las carpetas de mods.  (ModLister.TryGetModMetadataByPackageId())
[17:29:59] ⚠ No se encontró ningún mod con packageId VanillaExpanded.VGeneticsE en las carpetas de mods.  (ModLister.TryGetModMetadataByPackageId())
[17:29:59] ⚠ No se encontró ningún mod con packageId VanillaExpanded.VBooksE en las carpetas de mods.  (ModLister.TryGetModMetadataByPackageId())
[17:29:59] ⚠ No se encontró ningún mod con packageId OskarPotocki.VFE.Mechanoid en las carpetas de mods.  (ModLister.TryGetModMetadataByPackageId())
[17:29:59] ⚠ No se encontró ningún mod con packageId OskarPotocki.VFE.Insectoid en las carpetas de mods.  (ModLister.TryGetModMetadataByPackageId())
[17:29:59] ⚠ No se encontró ningún mod con packageId OskarPotocki.VFE.Vikings en las carpetas de mods.  (ModLister.TryGetModMetadataByPackageId())
[17:29:59] ⚠ No se encontró ningún mod con packageId sarg.alphaanimals en las carpetas de mods.  (ModLister.TryGetModMetadataByPackageId())
[17:29:59] ⚠ No se encontró ningún mod con packageId VanillaExpanded.VPlantsE en las carpetas de mods.  (ModLister.TryGetModMetadataByPackageId())
[17:29:59] ⚠ No se encontró ningún mod con packageId sarg.alphabiomes en las carpetas de mods.  (ModLister.TryGetModMetadataByPackageId())
[17:29:59] ⚠ No se encontró ningún mod con packageId Sarg.AlphaMemes en las carpetas de mods.  (ModLister.TryGetModMetadataByPackageId())
[17:29:59] ⚠ No se encontró ningún mod con packageId Dubwise.Rimatomics en las carpetas de mods.  (ModLister.TryGetModMetadataByPackageId())
[17:30:00]   Se cargaron 7 compats
[17:30:00]   Tipo de PatchOperation no soportado: PatchOperationConditional
[17:30:00]   Tipo de PatchOperation no soportado: PatchOperationRemove
[17:30:00]   Tipo de PatchOperation no soportado: PatchOperationRemove
[17:30:00]   Tipo de PatchOperation no soportado: PatchOperationConditional
[17:30:00]   Tipo de PatchOperation no soportado: PatchOperationConditional
[17:30:00]   Tipo de PatchOperation no soportado: PatchOperationConditional
[17:30:00]   Tipo de PatchOperation no soportado: PatchOperationConditional
[17:30:00]   Tipo de PatchOperation no soportado: PatchOperationConditional
[17:30:00]   Tipo de PatchOperation no soportado: PatchOperationConditional
[17:30:00]   Tipo de PatchOperation no soportado: PatchOperationConditional
[17:30:00]   Tipo de PatchOperation no soportado: PatchOperationConditional
[17:30:00]   Tipo de PatchOperation no soportado: PatchOperationConditional
[17:30:00]   Tipo de PatchOperation no soportado: PatchOperationConditional
[17:30:00]   Tipo de PatchOperation no soportado: VCE_Fishing.PatchOperationModOption
[17:30:00]   Tipo de PatchOperation no soportado: PatchOperationConditional
[17:30:00]   Tipo de PatchOperation no soportado: PatchOperationConditional
[17:30:00]   Tipo de PatchOperation no soportado: PatchOperationConditional
[17:30:00]   Tipo de PatchOperation no soportado: PatchOperationConditional
[17:30:00]   Tipo de PatchOperation no soportado: PatchOperationConditional
[17:30:00]   Tipo de PatchOperation no soportado: PatchOperationConditional
[17:30:00]   Tipo de PatchOperation no soportado: PatchOperationConditional
[17:30:00]   Tipo de PatchOperation no soportado: PatchOperationConditional
[17:30:00]   Tipo de PatchOperation no soportado: PatchOperationConditional
[17:30:00]   Tipo de PatchOperation no soportado: PatchOperationConditional
[17:30:00]   Tipo de PatchOperation no soportado: PatchOperationConditional
[17:30:00]   Tipo de PatchOperation no soportado: PatchOperationConditional
[17:30:00]   Tipo de PatchOperation no soportado: PatchOperationConditional
[17:30:00]   Tipo de PatchOperation no soportado: PatchOperationConditional
[17:30:00]   Tipo de PatchOperation no soportado: PatchOperationConditional
[17:30:00]   Tipo de PatchOperation no soportado: PatchOperationConditional
[17:30:00]   Tipo de PatchOperation no soportado: PatchOperationConditional
[17:30:00]   Tipo de PatchOperation no soportado: PatchOperationConditional
[17:30:00]   Tipo de PatchOperation no soportado: PatchOperationConditional
[17:30:00]   Tipo de PatchOperation no soportado: PatchOperationConditional
[17:30:00]   Tipo de PatchOperation no soportado: PatchOperationConditional
[17:30:00]   Tipo de PatchOperation no soportado: PatchOperationConditional
[17:30:00]   Tipo de PatchOperation no soportado: PatchOperationConditional
[17:30:00]   Tipo de PatchOperation no soportado: PatchOperationConditional
[17:30:00]   Tipo de PatchOperation no soportado: PatchOperationConditional
[17:30:00]   Tipo de PatchOperation no soportado: PatchOperationConditional
[17:30:00]   Tipo de PatchOperation no soportado: PatchOperationConditional
[17:30:00]   Tipo de PatchOperation no soportado: PatchOperationConditional
[17:30:00]   Tipo de PatchOperation no soportado: PatchOperationConditional
[17:30:00]   Tipo de PatchOperation no soportado: PatchOperationConditional
[17:30:00]   Tipo de PatchOperation no soportado: PatchOperationConditional
[17:30:00]   Tipo de PatchOperation no soportado: PatchOperationConditional
[17:30:00]   Tipo de PatchOperation no soportado: PatchOperationConditional
[17:30:00]   Tipo de PatchOperation no soportado: PatchOperationConditional
[17:30:00]   Tipo de PatchOperation no soportado: PatchOperationConditional
[17:30:00]   Tipo de PatchOperation no soportado: PatchOperationConditional
[17:30:00]   Tipo de PatchOperation no soportado: PatchOperationConditional
[17:30:00]   Tipo de PatchOperation no soportado: PatchOperationConditional
[17:30:00]   Tipo de PatchOperation no soportado: PatchOperationConditional
[17:30:00]   Tipo de PatchOperation no soportado: PatchOperationConditional
[17:30:00]   Tipo de PatchOperation no soportado: PatchOperationConditional
[17:30:00]   Tipo de PatchOperation no soportado: PatchOperationConditional
[17:30:00]   Tipo de PatchOperation no soportado: PatchOperationConditional
[17:30:00]   Tipo de PatchOperation no soportado: PatchOperationConditional
[17:30:00]   Tipo de PatchOperation no soportado: PatchOperationConditional
[17:30:00]   Tipo de PatchOperation no soportado: PatchOperationConditional
[17:30:00]   Tipo de PatchOperation no soportado: PatchOperationConditional
[17:30:00]   Tipo de PatchOperation no soportado: PatchOperationConditional
[17:30:00]   Tipo de PatchOperation no soportado: PatchOperationConditional
[17:30:00]   Tipo de PatchOperation no soportado: PatchOperationConditional
[17:30:00]   Tipo de PatchOperation no soportado: PatchOperationConditional
[17:30:00]   Tipo de PatchOperation no soportado: PatchOperationConditional
[17:30:00]   Tipo de PatchOperation no soportado: PatchOperationConditional
[17:30:00]   Tipo de PatchOperation no soportado: PatchOperationConditional
[17:30:00]   Tipo de PatchOperation no soportado: PatchOperationConditional
[17:30:00]   Tipo de PatchOperation no soportado: PatchOperationConditional
[17:30:00]   Tipo de PatchOperation no soportado: PatchOperationConditional
[17:30:00]   Tipo de PatchOperation no soportado: PatchOperationConditional
[17:30:00]   Tipo de PatchOperation no soportado: PatchOperationConditional
[17:30:00]   Tipo de PatchOperation no soportado: PatchOperationConditional
[17:30:00]   Tipo de PatchOperation no soportado: PatchOperationConditional
[17:30:00]   Tipo de PatchOperation no soportado: PatchOperationConditional
[17:30:00]   Tipo de PatchOperation no soportado: PatchOperationConditional
[17:30:00]   Tipo de PatchOperation no soportado: PatchOperationConditional
[17:30:00]   Tipo de PatchOperation no soportado: PatchOperationConditional
[17:30:00]   Tipo de PatchOperation no soportado: PatchOperationConditional
[17:30:00]   Tipo de PatchOperation no soportado: PatchOperationConditional
[17:30:00]   Tipo de PatchOperation no soportado: PatchOperationConditional
[17:30:00]   Tipo de PatchOperation no soportado: PatchOperationConditional
[17:30:00]   Tipo de PatchOperation no soportado: PatchOperationConditional
[17:30:00]   Tipo de PatchOperation no soportado: PatchOperationConditional
[17:30:00]   Tipo de PatchOperation no soportado: PatchOperationConditional
[17:30:00]   Tipo de PatchOperation no soportado: PatchOperationConditional
[17:30:00]   Tipo de PatchOperation no soportado: PatchOperationConditional
[17:30:00]   Tipo de PatchOperation no soportado: PatchOperationConditional
[17:30:00]   Tipo de PatchOperation no soportado: PatchOperationConditional
[17:30:00]   Tipo de PatchOperation no soportado: PatchOperationConditional
[17:30:00]   Tipo de PatchOperation no soportado: PatchOperationConditional
[17:30:00]   Tipo de PatchOperation no soportado: PatchOperationConditional
[17:30:00]   Tipo de PatchOperation no soportado: PatchOperationConditional
[17:30:00]   Tipo de PatchOperation no soportado: PatchOperationConditional
[17:30:00]   Tipo de PatchOperation no soportado: PatchOperationConditional
[17:30:00]   Tipo de PatchOperation no soportado: PatchOperationConditional
[17:30:00]   Tipo de PatchOperation no soportado: PatchOperationConditional
[17:30:00]   Tipo de PatchOperation no soportado: PatchOperationConditional
[17:30:00]   Tipo de PatchOperation no soportado: PatchOperationConditional
[17:30:00]   Tipo de PatchOperation no soportado: PatchOperationConditional
[17:30:00]   Tipo de PatchOperation no soportado: PatchOperationConditional
[17:30:00]   Tipo de PatchOperation no soportado: PatchOperationConditional
[17:30:00]   Tipo de PatchOperation no soportado: PatchOperationConditional
[17:30:00]   Tipo de PatchOperation no soportado: PatchOperationConditional
[17:30:00]   Tipo de PatchOperation no soportado: PatchOperationConditional
[17:30:00]   Tipo de PatchOperation no soportado: PatchOperationConditional
[17:30:00]   Tipo de PatchOperation no soportado: PatchOperationConditional
[17:30:00]   Tipo de PatchOperation no soportado: PatchOperationConditional
[17:30:00]   Tipo de PatchOperation no soportado: PatchOperationConditional
[17:30:00]   Tipo de PatchOperation no soportado: PatchOperationConditional
[17:30:00]   Tipo de PatchOperation no soportado: PatchOperationConditional
[17:30:00]   Tipo de PatchOperation no soportado: PatchOperationConditional
[17:30:00]   Tipo de PatchOperation no soportado: PatchOperationConditional
[17:30:00]   Tipo de PatchOperation no soportado: PatchOperationConditional
[17:30:00]   Tipo de PatchOperation no soportado: PatchOperationConditional
[17:30:00]   Tipo de PatchOperation no soportado: PatchOperationConditional
[17:30:00]   Tipo de PatchOperation no soportado: PatchOperationConditional
[17:30:00]   Tipo de PatchOperation no soportado: PatchOperationConditional
[17:30:00]   Tipo de PatchOperation no soportado: PatchOperationConditional
[17:30:00]   Tipo de PatchOperation no soportado: PatchOperationConditional
[17:30:00]   Tipo de PatchOperation no soportado: PatchOperationConditional
[17:30:00]   Tipo de PatchOperation no soportado: PatchOperationConditional
[17:30:00]   Tipo de PatchOperation no soportado: PatchOperationConditional
[17:30:00]   Tipo de PatchOperation no soportado: PatchOperationConditional
[17:30:00]   Tipo de PatchOperation no soportado: PatchOperationConditional
[17:30:00]   Tipo de PatchOperation no soportado: PatchOperationConditional
[17:30:00]   Tipo de PatchOperation no soportado: PatchOperationConditional
[17:30:00]   Tipo de PatchOperation no soportado: PatchOperationConditional
[17:30:00]   Tipo de PatchOperation no soportado: PatchOperationConditional
[17:30:00]   Tipo de PatchOperation no soportado: PatchOperationConditional
[17:30:00]   Tipo de PatchOperation no soportado: PatchOperationConditional
[17:30:00]   Tipo de PatchOperation no soportado: PatchOperationRemove
[17:30:00]   Tipo de PatchOperation no soportado: PatchOperationRemove
[17:30:00]   Tipo de PatchOperation no soportado: PatchOperationRemove
[17:30:00]   Tipo de PatchOperation no soportado: PatchOperationRemove
[17:30:00]   Tipo de PatchOperation no soportado: PatchOperationConditional
[17:30:00]   Tipo de PatchOperation no soportado: PatchOperationConditional
[17:30:00]   Tipo de PatchOperation no soportado: PatchOperationConditional
[17:30:00]   Tipo de PatchOperation no soportado: PatchOperationConditional
[17:30:00]   Tipo de PatchOperation no soportado: PatchOperationConditional
[17:30:00]   Tipo de PatchOperation no soportado: PatchOperationConditional
[17:30:00]   Tipo de PatchOperation no soportado: PatchOperationConditional
[17:30:00]   Tipo de PatchOperation no soportado: PatchOperationConditional
[17:30:00]   Tipo de PatchOperation no soportado: PatchOperationConditional
[17:30:00]   Tipo de PatchOperation no soportado: PatchOperationConditional
[17:30:00]   Tipo de PatchOperation no soportado: PatchOperationConditional
[17:30:00]   Tipo de PatchOperation no soportado: PatchOperationConditional
[17:30:00]   Tipo de PatchOperation no soportado: PatchOperationConditional
[17:30:00]   Tipo de PatchOperation no soportado: PatchOperationConditional
[17:30:00]   Tipo de PatchOperation no soportado: PatchOperationConditional
[17:30:00]   Tipo de PatchOperation no soportado: PatchOperationConditional
[17:30:00]   Tipo de PatchOperation no soportado: PatchOperationConditional
[17:30:00]   Tipo de PatchOperation no soportado: PatchOperationConditional
[17:30:00]   Tipo de PatchOperation no soportado: PatchOperationConditional
[17:30:00]   Tipo de PatchOperation no soportado: PatchOperationConditional
[17:30:00]   Tipo de PatchOperation no soportado: PatchOperationConditional
[17:30:00]   Tipo de PatchOperation no soportado: PatchOperationConditional
[17:30:00]   Tipo de PatchOperation no soportado: PatchOperationConditional
[17:30:00]   Tipo de PatchOperation no soportado: PatchOperationConditional
[17:30:00]   Tipo de PatchOperation no soportado: PatchOperationConditional
[17:30:00]   Tipo de PatchOperation no soportado: PatchOperationConditional
[17:30:00]   Tipo de PatchOperation no soportado: PatchOperationConditional
[17:30:00]   Tipo de PatchOperation no soportado: PatchOperationConditional
[17:30:00]   Tipo de PatchOperation no soportado: PatchOperationConditional
[17:30:00]   Tipo de PatchOperation no soportado: PatchOperationConditional
[17:30:00]   Tipo de PatchOperation no soportado: PatchOperationConditional
[17:30:00]   Tipo de PatchOperation no soportado: PatchOperationConditional
[17:30:00]   Tipo de PatchOperation no soportado: PatchOperationConditional
[17:30:00]   Tipo de PatchOperation no soportado: PatchOperationConditional
[17:30:00]   Tipo de PatchOperation no soportado: PatchOperationConditional
[17:30:00]   Tipo de PatchOperation no soportado: PatchOperationConditional
[17:30:00]   Tipo de PatchOperation no soportado: PatchOperationConditional
[17:30:00]   Tipo de PatchOperation no soportado: PatchOperationConditional
[17:30:00]   Tipo de PatchOperation no soportado: PatchOperationConditional
[17:30:00]   Tipo de PatchOperation no soportado: PatchOperationConditional
[17:30:00]   Tipo de PatchOperation no soportado: PatchOperationConditional
[17:30:00]   Tipo de PatchOperation no soportado: PatchOperationConditional
[17:30:00]   Tipo de PatchOperation no soportado: PatchOperationConditional
[17:30:00]   Tipo de PatchOperation no soportado: PatchOperationConditional
[17:30:00]   Tipo de PatchOperation no soportado: PatchOperationConditional
[17:30:00]   Tipo de PatchOperation no soportado: PatchOperationConditional
[17:30:00]   Tipo de PatchOperation no soportado: PatchOperationConditional
[17:30:00]   Tipo de PatchOperation no soportado: PatchOperationConditional
[17:30:00]   Tipo de PatchOperation no soportado: PatchOperationConditional
[17:30:00]   Tipo de PatchOperation no soportado: PatchOperationConditional
[17:30:00]   Tipo de PatchOperation no soportado: PatchOperationConditional
[17:30:00]   Tipo de PatchOperation no soportado: PatchOperationRemove
[17:30:00]   Tipo de PatchOperation no soportado: PatchOperationRemove
[17:30:00]   Tipo de PatchOperation no soportado: PatchOperationRemove
[17:30:00]   Tipo de PatchOperation no soportado: PatchOperationRemove
[17:30:00]   Tipo de PatchOperation no soportado: PatchOperationConditional
[17:30:00]   Tipo de PatchOperation no soportado: PatchOperationConditional
[17:30:00]   Tipo de PatchOperation no soportado: PatchOperationConditional
[17:30:00]   Tipo de PatchOperation no soportado: PatchOperationConditional
[17:30:00]   Tipo de PatchOperation no soportado: PatchOperationConditional
[17:30:00]   Tipo de PatchOperation no soportado: PatchOperationConditional
[17:30:00]   Tipo de PatchOperation no soportado: PatchOperationConditional
[17:30:00]   Tipo de PatchOperation no soportado: PatchOperationConditional
[17:30:00]   Tipo de PatchOperation no soportado: PatchOperationConditional
[17:30:00]   Tipo de PatchOperation no soportado: PatchOperationConditional
[17:30:00]   Tipo de PatchOperation no soportado: PatchOperationConditional
[17:30:00]   Tipo de PatchOperation no soportado: PatchOperationConditional
[17:30:00]   Tipo de PatchOperation no soportado: PatchOperationConditional
[17:30:00]   Tipo de PatchOperation no soportado: PatchOperationConditional
[17:30:00]   Tipo de PatchOperation no soportado: PatchOperationConditional
[17:30:00]   Tipo de PatchOperation no soportado: PatchOperationConditional
[17:30:00]   Tipo de PatchOperation no soportado: PatchOperationConditional
[17:30:01] ⚠ No se encontró el nodo padre=VFE_MechanoidWalker del nodo hijo=VFE_Mech_Aura.   (Extractor.DoXmlInheritance())
[17:30:01] ⚠ No se encontró el nodo padre=VFE_MechanoidKind del nodo hijo=VFE_Mech_Aura.   (Extractor.DoXmlInheritance())
[17:30:01] ⚠ No se encontró el nodo padre=VFE_MechanoidWalker del nodo hijo=VFE_Mech_Daggersnout.   (Extractor.DoXmlInheritance())
[17:30:01] ⚠ No se encontró el nodo padre=VFE_MechanoidKind del nodo hijo=VFE_Mech_Daggersnout.   (Extractor.DoXmlInheritance())
[17:30:01] ⚠ No se encontró el nodo padre=VFE_Mechanoid del nodo hijo=VFE_Mech_Fireworm.   (Extractor.DoXmlInheritance())
[17:30:01] ⚠ No se encontró el nodo padre=VFE_MechanoidKind del nodo hijo=VFE_Mech_Fireworm.   (Extractor.DoXmlInheritance())
[17:30:01] ⚠ No se encontró el nodo padre=VFE_Mechanoid del nodo hijo=VFE_Mech_Goliath.   (Extractor.DoXmlInheritance())
[17:30:01] ⚠ No se encontró el nodo padre=VFE_MechanoidKind del nodo hijo=VFE_Mech_Goliath.   (Extractor.DoXmlInheritance())
[17:30:01] ⚠ No se encontró el nodo padre=VFE_Mechanoid del nodo hijo=VFE_Mech_Phalanx.   (Extractor.DoXmlInheritance())
[17:30:01] ⚠ No se encontró el nodo padre=VFE_MechanoidKind del nodo hijo=VFE_Mech_Phalanx.   (Extractor.DoXmlInheritance())
[17:30:01] ⚠ No se encontró el nodo padre=VFE_Mechanoid del nodo hijo=VFE_Mech_Siegebreaker.   (Extractor.DoXmlInheritance())
[17:30:01] ⚠ No se encontró el nodo padre=VFE_MechanoidKind del nodo hijo=VFE_Mech_Siegebreaker.   (Extractor.DoXmlInheritance())
[17:30:01] ⚠ No se encontró el nodo padre=VFE_AdvancedMechanoid del nodo hijo=VFE_Mech_Advanced_Goliath.   (Extractor.DoXmlInheritance())
[17:30:01] ⚠ No se encontró el nodo padre=VFE_AdvancedMechanoidKind del nodo hijo=VFE_Mech_Advanced_Goliath.   (Extractor.DoXmlInheritance())
[17:30:01] ⚠ No se encontró el nodo padre=VFE_AdvancedMechanoidWalker del nodo hijo=VFE_Mech_Advanced_Aura.   (Extractor.DoXmlInheritance())
[17:30:01] ⚠ No se encontró el nodo padre=VFE_AdvancedMechanoidKind del nodo hijo=VFE_Mech_Advanced_Aura.   (Extractor.DoXmlInheritance())
[17:30:01] ⚠ No se encontró el nodo padre=VFE_AdvancedMechanoidWalker del nodo hijo=VFE_Mech_Advanced_Daggersnout.   (Extractor.DoXmlInheritance())
[17:30:01] ⚠ No se encontró el nodo padre=VFE_AdvancedMechanoidKind del nodo hijo=VFE_Mech_Advanced_Daggersnout.   (Extractor.DoXmlInheritance())
[17:30:01] ⚠ No se encontró el nodo padre=VFE_AdvancedMechanoid del nodo hijo=VFE_Mech_Advanced_Phalanx.   (Extractor.DoXmlInheritance())
[17:30:01] ⚠ No se encontró el nodo padre=VFE_AdvancedMechanoidKind del nodo hijo=VFE_Mech_Advanced_Phalanx.   (Extractor.DoXmlInheritance())
[17:30:01] ⚠ No se encontró el nodo padre=VFE_AdvancedMechanoid del nodo hijo=VFE_Mech_Advanced_Fireworm.   (Extractor.DoXmlInheritance())
[17:30:01] ⚠ No se encontró el nodo padre=VFE_AdvancedMechanoidKind del nodo hijo=VFE_Mech_Advanced_Fireworm.   (Extractor.DoXmlInheritance())
[17:30:01] ⚠ No se encontró el nodo padre=VFE_AdvancedMechanoid del nodo hijo=VFE_Mech_Advanced_Siegebreaker.   (Extractor.DoXmlInheritance())
[17:30:01] ⚠ No se encontró el nodo padre=VFE_AdvancedMechanoidKind del nodo hijo=VFE_Mech_Advanced_Siegebreaker.   (Extractor.DoXmlInheritance())
[17:30:01] ⚠ No se admiten los casos sin defName. xpath=/Defs, value=<ThingDef Name="AM_MeatMealBase" Abstract="True"><thingClass>ThingWithComps</thingClass><category>Item</category><useHitPoints>true</useHitPoints><selectable>true</selectable><statBases><MaxHitPoints>50</MaxHitPoints><Flammability>1.0</Flammability><Beauty>0</Beauty><Mass>0.44</Mass><DeteriorationRate>10</DeteriorationRate></statBases><altitudeLayer>Item</altitudeLayer><stackLimit>10</stackLimit><tickerType>Rare</tickerType><socialPropernessMatters>true</socialPropernessMatters><thingCategories><li>FoodMeals</li></thingCategories><alwaysHaulable>true</alwaysHaulable><comps><li Class="CompProperties_Forbiddable" /><li Class="CompProperties_Ingredients" /><li Class="CompProperties_FoodPoisonable" /></comps><pathCost>15</pathCost><resourceReadoutPriority>Last</resourceReadoutPriority><drawGUIOverlay>true</drawGUIOverlay><uiIconForStackCount>1</uiIconForStackCount><ingestible><foodType>Meat</foodType><maxNumToIngestAtOnce>1</maxNumToIngestAtOnce><optimalityOffsetHumanlikes>16</optimalityOffsetHumanlikes></ingestible></ThingDef><ThingDef ParentName="AM_MeatMealBase" Name="AM_MeatMealRottable" Abstract="True"><comps><li Class="CompProperties_Rottable"><daysToRotStart>4</daysToRotStart><rotDestroys>true</rotDestroys></li></comps><tradeability>Sellable</tradeability></ThingDef><ThingDef ParentName="AM_MeatMealRottable"><defName>AM_DisgustingMealNutrientPaste</defName><label>disgusting nutrient paste meal</label><description>A synthetic mixture of protein, carbohydrates, and vitamins, amino acids and minerals. Everything the body needs, and absolutely disgusting. This paste is EVEN more disgusting than the paste produced by a nutrient paste dispenser, and people will just outright hate eating it. It was cheap, though!\n\nThis slurry is edible for carnivore and omnivore animals, but barely, and completely indigestible for herbivores.</description><graphicData><texPath>Things/Item/AM_NutrientPasteDisgusting</texPath><graphicClass>Graphic_StackCount</graphicClass></graphicData><statBases><MarketValue>1</MarketValue><Nutrition>0.8</Nutrition></statBases><tradeability>Sellable</tradeability><ingestible><preferability>MealAwful</preferability><tasteThought>AM_AteSuperAwfulMeal</tasteThought><ingestEffect>EatVegetarian</ingestEffect><ingestSound>Meal_Eat</ingestSound></ingestible></ThingDef><ThoughtDef><defName>AM_AteSuperAwfulMeal</defName><durationDays>1</durationDays><stages><li><label>ate incredibly awful meal</label><description>I had to eat something that was processed in the guts of a biomechanical abomination. I haven't eaten a more disgusting meal in my whole life.</description><baseMoodEffect>-10</baseMoodEffect></li></stages></ThoughtDef>  (<PatchOperationAdd>d__7.MoveNext())
[17:30:01] ⚠ No se admiten los casos sin defName. xpath=/Defs, value=<ThingDef Name="AM_MeatMealBase" Abstract="True"><thingClass>ThingWithComps</thingClass><category>Item</category><useHitPoints>true</useHitPoints><selectable>true</selectable><statBases><MaxHitPoints>50</MaxHitPoints><Flammability>1.0</Flammability><Beauty>0</Beauty><Mass>0.44</Mass><DeteriorationRate>10</DeteriorationRate></statBases><altitudeLayer>Item</altitudeLayer><stackLimit>10</stackLimit><tickerType>Rare</tickerType><socialPropernessMatters>true</socialPropernessMatters><thingCategories><li>FoodMeals</li></thingCategories><alwaysHaulable>true</alwaysHaulable><comps><li Class="CompProperties_Forbiddable" /><li Class="CompProperties_Ingredients" /><li Class="CompProperties_FoodPoisonable" /></comps><pathCost>15</pathCost><resourceReadoutPriority>Last</resourceReadoutPriority><drawGUIOverlay>true</drawGUIOverlay><uiIconForStackCount>1</uiIconForStackCount><ingestible><foodType>Meat</foodType><maxNumToIngestAtOnce>1</maxNumToIngestAtOnce><optimalityOffsetHumanlikes>16</optimalityOffsetHumanlikes></ingestible></ThingDef><ThingDef ParentName="AM_MeatMealBase" Name="AM_MeatMealRottable" Abstract="True"><comps><li Class="CompProperties_Rottable"><daysToRotStart>4</daysToRotStart><rotDestroys>true</rotDestroys></li></comps><tradeability>Sellable</tradeability></ThingDef><ThingDef ParentName="AM_MeatMealRottable"><defName>AM_DisgustingMealNutrientPaste</defName><label>disgusting nutrient paste meal</label><description>A synthetic mixture of protein, carbohydrates, and vitamins, amino acids and minerals. Everything the body needs, and absolutely disgusting. This paste is EVEN more disgusting than the paste produced by a nutrient paste dispenser, and people will just outright hate eating it. It was cheap, though!\n\nThis slurry is edible for carnivore and omnivore animals, but barely, and completely indigestible for herbivores.</description><graphicData><texPath>Things/Item/AM_NutrientPasteDisgusting</texPath><graphicClass>Graphic_StackCount</graphicClass></graphicData><statBases><MarketValue>1</MarketValue><Nutrition>0.8</Nutrition></statBases><tradeability>Sellable</tradeability><ingestible><preferability>MealAwful</preferability><tasteThought>AM_AteSuperAwfulMeal</tasteThought><ingestEffect>EatVegetarian</ingestEffect><ingestSound>Meal_Eat</ingestSound></ingestible></ThingDef><ThoughtDef><defName>AM_AteSuperAwfulMeal</defName><durationDays>1</durationDays><stages><li><label>ate incredibly awful meal</label><description>I had to eat something that was processed in the guts of a biomechanical abomination. I haven't eaten a more disgusting meal in my whole life.</description><baseMoodEffect>-10</baseMoodEffect></li></stages></ThoughtDef>  (<PatchOperationAdd>d__7.MoveNext())
[17:30:01] ⚠ 30 operaciones de patch no encontraron su objetivo. Si alguna modificaba texto, ese texto no se extrajo; muchas apuntan a valores que no se traducen.  (PatchesSinObjetivo.Informar())
[17:30:02] ⚠ No se encontró ningún mod con packageId sarg.rimbees en las carpetas de mods.  (ModLister.TryGetModMetadataByPackageId())
[17:30:02] ⚠ No se encontró ningún mod con packageId VanillaExpanded.VGeneticsE en las carpetas de mods.  (ModLister.TryGetModMetadataByPackageId())
[17:30:02] ⚠ No se encontró ningún mod con packageId VanillaExpanded.VBooksE en las carpetas de mods.  (ModLister.TryGetModMetadataByPackageId())
[17:30:02] ⚠ No se encontró ningún mod con packageId OskarPotocki.VFE.Mechanoid en las carpetas de mods.  (ModLister.TryGetModMetadataByPackageId())
[17:30:02] ⚠ No se encontró ningún mod con packageId OskarPotocki.VFE.Insectoid en las carpetas de mods.  (ModLister.TryGetModMetadataByPackageId())
[17:30:02] ⚠ No se encontró ningún mod con packageId OskarPotocki.VFE.Vikings en las carpetas de mods.  (ModLister.TryGetModMetadataByPackageId())
[17:30:02] ⚠ No se encontró ningún mod con packageId sarg.alphaanimals en las carpetas de mods.  (ModLister.TryGetModMetadataByPackageId())
[17:30:02] ⚠ No se encontró ningún mod con packageId VanillaExpanded.VPlantsE en las carpetas de mods.  (ModLister.TryGetModMetadataByPackageId())
[17:30:02] ⚠ No se encontró ningún mod con packageId sarg.alphabiomes en las carpetas de mods.  (ModLister.TryGetModMetadataByPackageId())
[17:30:02] ⚠ No se encontró ningún mod con packageId Sarg.AlphaMemes en las carpetas de mods.  (ModLister.TryGetModMetadataByPackageId())
[17:30:02] ⚠ No se encontró ningún mod con packageId Dubwise.Rimatomics en las carpetas de mods.  (ModLister.TryGetModMetadataByPackageId())
[17:30:02] ⚠ No se pudo identificar de qué mod son estos defs: VFE_Mechanoid  (PatchesSinObjetivo.Informar())
[17:30:02] ⚠ Marcá «Extracción completa» al elegir el mod para cargar el contenido oficial, o elegí esos mods como referencia con la tecla 'S', y volvé a extraer.  (PatchesSinObjetivo.Informar())
[17:30:03] ⚠ No se encontró ningún mod con packageId sarg.rimbees en las carpetas de mods.  (ModLister.TryGetModMetadataByPackageId())
[17:30:03] ✖ La columna Required Mods tiene un valor inválido. Para que los Patches se generen bien, hay que reemplazar a mano ese texto del Excel: "##packageId##sarg.rimbees" por el nombre del mod.  (?.ToLanguageXml())
[17:30:03] ⚠ No se encontró ningún mod con packageId VanillaExpanded.VGeneticsE en las carpetas de mods.  (ModLister.TryGetModMetadataByPackageId())
[17:30:03] ✖ La columna Required Mods tiene un valor inválido. Para que los Patches se generen bien, hay que reemplazar a mano ese texto del Excel: "##packageId##VanillaExpanded.VGeneticsE" por el nombre del mod.  (?.ToLanguageXml())
[17:30:03] ⚠ No se encontró ningún mod con packageId VanillaExpanded.VBooksE en las carpetas de mods.  (ModLister.TryGetModMetadataByPackageId())
[17:30:03] ✖ La columna Required Mods tiene un valor inválido. Para que los Patches se generen bien, hay que reemplazar a mano ese texto del Excel: "##packageId##VanillaExpanded.VBooksE" por el nombre del mod.  (?.ToLanguageXml())
[17:30:03] ⚠ No se encontró ningún mod con packageId OskarPotocki.VFE.Mechanoid en las carpetas de mods.  (ModLister.TryGetModMetadataByPackageId())
[17:30:03] ✖ La columna Required Mods tiene un valor inválido. Para que los Patches se generen bien, hay que reemplazar a mano ese texto del Excel: "##packageId##OskarPotocki.VFE.Mechanoid" por el nombre del mod.  (?.ToLanguageXml())
[17:30:03] ⚠ No se encontró ningún mod con packageId Dubwise.Rimatomics en las carpetas de mods.  (ModLister.TryGetModMetadataByPackageId())
[17:30:03] ✖ La columna Required Mods tiene un valor inválido. Para que los Patches se generen bien, hay que reemplazar a mano ese texto del Excel: "##packageId##Dubwise.Rimatomics" por el nombre del mod.  (?.ToLanguageXml())
[17:30:03]   118 traducciones quedaron sin uso porque su nodo ya no existe en el mod. Se guardaron en C:\Users\amaro\Desktop\INVESTIGAR\RML\Data\!Sarg Bjornson\Alpha Mechs - 2973169158\UNUSED.xml
[17:30:03]   Se generó el LoadFolders.Build.yaml del mod. Para sumarlo a RML, copiá esta carpeta a Data/Alpha Mechs - 2973169158
